------------------------------------------------------------
TimeQuest Timing Analyzer Summary
------------------------------------------------------------

Type  : Slow 1100mV 85C Model Setup 'v1|c25_gen|clock25_pll_inst|altera_pll_i|general[0].gpll~PLL_OUTPUT_COUNTER|divclk'
Slack : 13.253
TNS   : 0.000

Type  : Slow 1100mV 85C Model Setup 'CLOCK_50'
Slack : 14.539
TNS   : 0.000

Type  : Slow 1100mV 85C Model Setup 'clk_vga'
Slack : 26.896
TNS   : 0.000

Type  : Slow 1100mV 85C Model Hold 'v1|c25_gen|clock25_pll_inst|altera_pll_i|general[0].gpll~PLL_OUTPUT_COUNTER|divclk'
Slack : 0.165
TNS   : 0.000

Type  : Slow 1100mV 85C Model Hold 'CLOCK_50'
Slack : 2.736
TNS   : 0.000

Type  : Slow 1100mV 85C Model Hold 'clk_vga'
Slack : 9.474
TNS   : 0.000

Type  : Slow 1100mV 85C Model Minimum Pulse Width 'v1|c25_gen|clock25_pll_inst|altera_pll_i|general[0].gpll~FRACTIONAL_PLL|vcoph[0]'
Slack : 1.666
TNS   : 0.000

Type  : Slow 1100mV 85C Model Minimum Pulse Width 'CLOCK_50'
Slack : 9.238
TNS   : 0.000

Type  : Slow 1100mV 85C Model Minimum Pulse Width 'v1|c25_gen|clock25_pll_inst|altera_pll_i|general[0].gpll~PLL_OUTPUT_COUNTER|divclk'
Slack : 19.197
TNS   : 0.000

Type  : Slow 1100mV 0C Model Setup 'v1|c25_gen|clock25_pll_inst|altera_pll_i|general[0].gpll~PLL_OUTPUT_COUNTER|divclk'
Slack : 13.613
TNS   : 0.000

Type  : Slow 1100mV 0C Model Setup 'CLOCK_50'
Slack : 14.613
TNS   : 0.000

Type  : Slow 1100mV 0C Model Setup 'clk_vga'
Slack : 27.207
TNS   : 0.000

Type  : Slow 1100mV 0C Model Hold 'v1|c25_gen|clock25_pll_inst|altera_pll_i|general[0].gpll~PLL_OUTPUT_COUNTER|divclk'
Slack : 0.078
TNS   : 0.000

Type  : Slow 1100mV 0C Model Hold 'CLOCK_50'
Slack : 2.724
TNS   : 0.000

Type  : Slow 1100mV 0C Model Hold 'clk_vga'
Slack : 9.269
TNS   : 0.000

Type  : Slow 1100mV 0C Model Minimum Pulse Width 'v1|c25_gen|clock25_pll_inst|altera_pll_i|general[0].gpll~FRACTIONAL_PLL|vcoph[0]'
Slack : 1.666
TNS   : 0.000

Type  : Slow 1100mV 0C Model Minimum Pulse Width 'CLOCK_50'
Slack : 9.291
TNS   : 0.000

Type  : Slow 1100mV 0C Model Minimum Pulse Width 'v1|c25_gen|clock25_pll_inst|altera_pll_i|general[0].gpll~PLL_OUTPUT_COUNTER|divclk'
Slack : 19.168
TNS   : 0.000

Type  : Fast 1100mV 85C Model Setup 'v1|c25_gen|clock25_pll_inst|altera_pll_i|general[0].gpll~PLL_OUTPUT_COUNTER|divclk'
Slack : 14.740
TNS   : 0.000

Type  : Fast 1100mV 85C Model Setup 'CLOCK_50'
Slack : 16.891
TNS   : 0.000

Type  : Fast 1100mV 85C Model Setup 'clk_vga'
Slack : 32.142
TNS   : 0.000

Type  : Fast 1100mV 85C Model Hold 'v1|c25_gen|clock25_pll_inst|altera_pll_i|general[0].gpll~PLL_OUTPUT_COUNTER|divclk'
Slack : 0.109
TNS   : 0.000

Type  : Fast 1100mV 85C Model Hold 'CLOCK_50'
Slack : 1.532
TNS   : 0.000

Type  : Fast 1100mV 85C Model Hold 'clk_vga'
Slack : 5.096
TNS   : 0.000

Type  : Fast 1100mV 85C Model Minimum Pulse Width 'v1|c25_gen|clock25_pll_inst|altera_pll_i|general[0].gpll~FRACTIONAL_PLL|vcoph[0]'
Slack : 1.666
TNS   : 0.000

Type  : Fast 1100mV 85C Model Minimum Pulse Width 'CLOCK_50'
Slack : 9.105
TNS   : 0.000

Type  : Fast 1100mV 85C Model Minimum Pulse Width 'v1|c25_gen|clock25_pll_inst|altera_pll_i|general[0].gpll~PLL_OUTPUT_COUNTER|divclk'
Slack : 19.540
TNS   : 0.000

Type  : Fast 1100mV 0C Model Setup 'v1|c25_gen|clock25_pll_inst|altera_pll_i|general[0].gpll~PLL_OUTPUT_COUNTER|divclk'
Slack : 15.628
TNS   : 0.000

Type  : Fast 1100mV 0C Model Setup 'CLOCK_50'
Slack : 16.976
TNS   : 0.000

Type  : Fast 1100mV 0C Model Setup 'clk_vga'
Slack : 32.554
TNS   : 0.000

Type  : Fast 1100mV 0C Model Hold 'v1|c25_gen|clock25_pll_inst|altera_pll_i|general[0].gpll~PLL_OUTPUT_COUNTER|divclk'
Slack : 0.069
TNS   : 0.000

Type  : Fast 1100mV 0C Model Hold 'CLOCK_50'
Slack : 1.491
TNS   : 0.000

Type  : Fast 1100mV 0C Model Hold 'clk_vga'
Slack : 4.694
TNS   : 0.000

Type  : Fast 1100mV 0C Model Minimum Pulse Width 'v1|c25_gen|clock25_pll_inst|altera_pll_i|general[0].gpll~FRACTIONAL_PLL|vcoph[0]'
Slack : 1.666
TNS   : 0.000

Type  : Fast 1100mV 0C Model Minimum Pulse Width 'CLOCK_50'
Slack : 9.068
TNS   : 0.000

Type  : Fast 1100mV 0C Model Minimum Pulse Width 'v1|c25_gen|clock25_pll_inst|altera_pll_i|general[0].gpll~PLL_OUTPUT_COUNTER|divclk'
Slack : 19.536
TNS   : 0.000

------------------------------------------------------------
