------------------------------------------------------------
TimeQuest Timing Analyzer Summary
------------------------------------------------------------

Type  : Slow 1100mV 85C Model Setup 'CLOCK_50'
Slack : 13.072
TNS   : 0.000

Type  : Slow 1100mV 85C Model Setup 'v1|c25_gen|clock25_pll_inst|altera_pll_i|general[0].gpll~PLL_OUTPUT_COUNTER|divclk'
Slack : 17.050
TNS   : 0.000

Type  : Slow 1100mV 85C Model Setup 'clk_vga'
Slack : 20.946
TNS   : 0.000

Type  : Slow 1100mV 85C Model Hold 'CLOCK_50'
Slack : 0.343
TNS   : 0.000

Type  : Slow 1100mV 85C Model Hold 'v1|c25_gen|clock25_pll_inst|altera_pll_i|general[0].gpll~PLL_OUTPUT_COUNTER|divclk'
Slack : 0.383
TNS   : 0.000

Type  : Slow 1100mV 85C Model Hold 'clk_vga'
Slack : 8.635
TNS   : 0.000

Type  : Slow 1100mV 85C Model Minimum Pulse Width 'my_clock_gen|DE_Clock_Generator_Audio|auto_generated|generic_pll1~FRACTIONAL_PLL|vcoph[0]'
Slack : 0.714
TNS   : 0.000

Type  : Slow 1100mV 85C Model Minimum Pulse Width 'v1|c25_gen|clock25_pll_inst|altera_pll_i|general[0].gpll~FRACTIONAL_PLL|vcoph[0]'
Slack : 1.666
TNS   : 0.000

Type  : Slow 1100mV 85C Model Minimum Pulse Width 'CLOCK_50'
Slack : 8.808
TNS   : 0.000

Type  : Slow 1100mV 85C Model Minimum Pulse Width 'CLOCK2_50'
Slack : 9.670
TNS   : 0.000

Type  : Slow 1100mV 85C Model Minimum Pulse Width 'v1|c25_gen|clock25_pll_inst|altera_pll_i|general[0].gpll~PLL_OUTPUT_COUNTER|divclk'
Slack : 19.292
TNS   : 0.000

Type  : Slow 1100mV 0C Model Setup 'CLOCK_50'
Slack : 13.045
TNS   : 0.000

Type  : Slow 1100mV 0C Model Setup 'v1|c25_gen|clock25_pll_inst|altera_pll_i|general[0].gpll~PLL_OUTPUT_COUNTER|divclk'
Slack : 16.480
TNS   : 0.000

Type  : Slow 1100mV 0C Model Setup 'clk_vga'
Slack : 21.619
TNS   : 0.000

Type  : Slow 1100mV 0C Model Hold 'CLOCK_50'
Slack : 0.197
TNS   : 0.000

Type  : Slow 1100mV 0C Model Hold 'v1|c25_gen|clock25_pll_inst|altera_pll_i|general[0].gpll~PLL_OUTPUT_COUNTER|divclk'
Slack : 0.396
TNS   : 0.000

Type  : Slow 1100mV 0C Model Hold 'clk_vga'
Slack : 8.400
TNS   : 0.000

Type  : Slow 1100mV 0C Model Minimum Pulse Width 'my_clock_gen|DE_Clock_Generator_Audio|auto_generated|generic_pll1~FRACTIONAL_PLL|vcoph[0]'
Slack : 0.714
TNS   : 0.000

Type  : Slow 1100mV 0C Model Minimum Pulse Width 'v1|c25_gen|clock25_pll_inst|altera_pll_i|general[0].gpll~FRACTIONAL_PLL|vcoph[0]'
Slack : 1.666
TNS   : 0.000

Type  : Slow 1100mV 0C Model Minimum Pulse Width 'CLOCK_50'
Slack : 8.812
TNS   : 0.000

Type  : Slow 1100mV 0C Model Minimum Pulse Width 'CLOCK2_50'
Slack : 9.673
TNS   : 0.000

Type  : Slow 1100mV 0C Model Minimum Pulse Width 'v1|c25_gen|clock25_pll_inst|altera_pll_i|general[0].gpll~PLL_OUTPUT_COUNTER|divclk'
Slack : 19.240
TNS   : 0.000

Type  : Fast 1100mV 85C Model Setup 'CLOCK_50'
Slack : 15.654
TNS   : 0.000

Type  : Fast 1100mV 85C Model Setup 'v1|c25_gen|clock25_pll_inst|altera_pll_i|general[0].gpll~PLL_OUTPUT_COUNTER|divclk'
Slack : 27.069
TNS   : 0.000

Type  : Fast 1100mV 85C Model Setup 'clk_vga'
Slack : 27.367
TNS   : 0.000

Type  : Fast 1100mV 85C Model Hold 'CLOCK_50'
Slack : 0.154
TNS   : 0.000

Type  : Fast 1100mV 85C Model Hold 'v1|c25_gen|clock25_pll_inst|altera_pll_i|general[0].gpll~PLL_OUTPUT_COUNTER|divclk'
Slack : 0.184
TNS   : 0.000

Type  : Fast 1100mV 85C Model Hold 'clk_vga'
Slack : 4.563
TNS   : 0.000

Type  : Fast 1100mV 85C Model Minimum Pulse Width 'my_clock_gen|DE_Clock_Generator_Audio|auto_generated|generic_pll1~FRACTIONAL_PLL|vcoph[0]'
Slack : 0.714
TNS   : 0.000

Type  : Fast 1100mV 85C Model Minimum Pulse Width 'v1|c25_gen|clock25_pll_inst|altera_pll_i|general[0].gpll~FRACTIONAL_PLL|vcoph[0]'
Slack : 1.666
TNS   : 0.000

Type  : Fast 1100mV 85C Model Minimum Pulse Width 'CLOCK_50'
Slack : 8.476
TNS   : 0.000

Type  : Fast 1100mV 85C Model Minimum Pulse Width 'CLOCK2_50'
Slack : 9.336
TNS   : 0.000

Type  : Fast 1100mV 85C Model Minimum Pulse Width 'v1|c25_gen|clock25_pll_inst|altera_pll_i|general[0].gpll~PLL_OUTPUT_COUNTER|divclk'
Slack : 19.546
TNS   : 0.000

Type  : Fast 1100mV 0C Model Setup 'CLOCK_50'
Slack : 16.008
TNS   : 0.000

Type  : Fast 1100mV 0C Model Setup 'v1|c25_gen|clock25_pll_inst|altera_pll_i|general[0].gpll~PLL_OUTPUT_COUNTER|divclk'
Slack : 27.911
TNS   : 0.000

Type  : Fast 1100mV 0C Model Setup 'clk_vga'
Slack : 28.518
TNS   : 0.000

Type  : Fast 1100mV 0C Model Hold 'CLOCK_50'
Slack : 0.086
TNS   : 0.000

Type  : Fast 1100mV 0C Model Hold 'v1|c25_gen|clock25_pll_inst|altera_pll_i|general[0].gpll~PLL_OUTPUT_COUNTER|divclk'
Slack : 0.175
TNS   : 0.000

Type  : Fast 1100mV 0C Model Hold 'clk_vga'
Slack : 4.207
TNS   : 0.000

Type  : Fast 1100mV 0C Model Minimum Pulse Width 'my_clock_gen|DE_Clock_Generator_Audio|auto_generated|generic_pll1~FRACTIONAL_PLL|vcoph[0]'
Slack : 0.714
TNS   : 0.000

Type  : Fast 1100mV 0C Model Minimum Pulse Width 'v1|c25_gen|clock25_pll_inst|altera_pll_i|general[0].gpll~FRACTIONAL_PLL|vcoph[0]'
Slack : 1.666
TNS   : 0.000

Type  : Fast 1100mV 0C Model Minimum Pulse Width 'CLOCK_50'
Slack : 8.431
TNS   : 0.000

Type  : Fast 1100mV 0C Model Minimum Pulse Width 'CLOCK2_50'
Slack : 9.286
TNS   : 0.000

Type  : Fast 1100mV 0C Model Minimum Pulse Width 'v1|c25_gen|clock25_pll_inst|altera_pll_i|general[0].gpll~PLL_OUTPUT_COUNTER|divclk'
Slack : 19.539
TNS   : 0.000

------------------------------------------------------------
